---
source: tests/args_test.rs
info:
  program: clipboard-sync
  args:
    - "--protocol"
    - quic
    - "--key"
    - "12345678912345678912345678912345"
    - "--bind-address"
    - "[::]:12001"
    - "--allowed-host"
    - "[::1]:0"
    - "--ignore-initial-clipboard"
    - "--remote-certificates"
    - tests/certs/cert-verify/for-server
    - "--private-key"
    - tests/certs/localhost.key
    - "--certificate-chain"
    - tests/certs/localhost.crt
    - "--verbosity"
    - info=simple
snapshot_kind: text
---
success: false
exit_code: -1
----- stdout -----

----- stderr -----
Listening on local_addr=[::]:12001 protocol=quic multicast_addr=None certificate_serial=46:8d:f7:de:e1:27:f9:0d:06:c6:1f:ea:05:36:d8:2e:ad:69:09:35 certificate_dns=localhost
